// Jest Snapshot v1, https://goo.gl/fbAQLP

exports[`Comment Component Does'nt have props Checking snapshot without providing props 1`] = `
<Comment
  commentDetails={null}
  history={Array []}
>
  <div
    data-test="wrapperComment"
  />
</Comment>
`;

exports[`Comment Component Have props Checking snapshot with providing props 1`] = `
<Comment
  commentDetails={
    Object {
      "comment": "Test comment",
      "id": 1,
      "name": "Test name",
      "title": "Test title",
    }
  }
  history={Array []}
>
  <Card
    data-test="wrapperComment"
    fullHeight={false}
    key="1"
    onClick={[Function]}
    spacing="default"
    variant="branded"
  >
    <Styled(Component)
      data-test="wrapperComment"
      fullHeight={false}
      horizontal={4}
      onClick={[Function]}
      variant="branded"
      vertical={5}
    >
      <Component
        className="sc-AxirZ bvZuyl"
        data-test="wrapperComment"
        fullHeight={false}
        horizontal={4}
        onClick={[Function]}
        variant="branded"
        vertical={5}
      >
        <Box
          className="sc-AxirZ bvZuyl"
          data-test="wrapperComment"
          horizontal={4}
          inline={false}
          onClick={[Function]}
          tag="div"
          variant="branded"
          vertical={5}
        >
          <styled.div
            className="sc-AxirZ bvZuyl"
            data-test="wrapperComment"
            horizontal={4}
            inline={false}
            onClick={[Function]}
            tag="div"
            variant="branded"
            vertical={5}
          >
            <div
              className="sc-AxjAm fLAVMH sc-AxirZ bvZuyl sc-AxirZ bvZuyl"
              data-test="wrapperComment"
              onClick={[Function]}
            >
              <Box
                between={3}
                inline={false}
                tag="div"
                vertical={2}
              >
                <styled.div
                  between={3}
                  inline={false}
                  tag="div"
                  vertical={2}
                >
                  <div
                    className="sc-AxjAm gyKeVc"
                  >
                    <Heading
                      data-test="titleComment"
                      invert={false}
                      level="h3"
                    >
                      <Heading__StyledHeading
                        as="h3"
                        data-test="titleComment"
                        data-testid="heading"
                        invert={false}
                        level="h3"
                      >
                        <h3
                          className="Heading__StyledHeading-mpz92r-0 erviEy"
                          data-test="titleComment"
                          data-testid="heading"
                        >
                          Test title
                        </h3>
                      </Heading__StyledHeading>
                    </Heading>
                    <Text
                      block={false}
                      bold={false}
                      data-test="textComment"
                      invert={false}
                      size="base"
                    >
                      <Text__StyledText
                        block={false}
                        bold={false}
                        data-test="textComment"
                        invert={false}
                        size="base"
                      >
                        <span
                          className="Text__StyledText-sc-1m0rr67-0 dEioGg"
                          data-test="textComment"
                          size="base"
                        >
                          Test comment
                        </span>
                      </Text__StyledText>
                    </Text>
                    <Text
                      block={false}
                      bold={false}
                      data-test="nameComment"
                      invert={false}
                      size="base"
                    >
                      <Text__StyledText
                        block={false}
                        bold={false}
                        data-test="nameComment"
                        invert={false}
                        size="base"
                      >
                        <span
                          className="Text__StyledText-sc-1m0rr67-0 dEioGg"
                          data-test="nameComment"
                          size="base"
                        >
                          By: Test name
                        </span>
                      </Text__StyledText>
                    </Text>
                  </div>
                </styled.div>
              </Box>
            </div>
          </styled.div>
        </Box>
      </Component>
    </Styled(Component)>
  </Card>
</Comment>
`;
